

D:\TraeProjects\metatrader-multistrategy-ea\MultiStrategyAutonomousEA.mq5 : information: compiling D:\TraeProjects\metatrader-multistrategy-ea\MultiStrategyAutonomousEA.mq5
D:\TraeProjects\metatrader-multistrategy-ea\MultiStrategyAutonomousEA.mq5 : information: including C:\Program Files\MetaTrader 5\MQL5\Include\Object.mqh
C:\Program Files\MetaTrader 5\MQL5\Include\Object.mqh : information: including C:\Program Files\MetaTrader 5\MQL5\Include\StdLibErr.mqh
D:\TraeProjects\metatrader-multistrategy-ea\MultiStrategyAutonomousEA.mq5 : information: including C:\Program Files\MetaTrader 5\MQL5\Include\Trade\Trade.mqh
C:\Program Files\MetaTrader 5\MQL5\Include\Trade\Trade.mqh : information: including C:\Program Files\MetaTrader 5\MQL5\Include\Trade\OrderInfo.mqh
C:\Program Files\MetaTrader 5\MQL5\Include\Trade\Trade.mqh : information: including C:\Program Files\MetaTrader 5\MQL5\Include\Trade\HistoryOrderInfo.mqh
C:\Program Files\MetaTrader 5\MQL5\Include\Trade\Trade.mqh : information: including C:\Program Files\MetaTrader 5\MQL5\Include\Trade\PositionInfo.mqh
C:\Program Files\MetaTrader 5\MQL5\Include\Trade\Trade.mqh : information: including C:\Program Files\MetaTrader 5\MQL5\Include\Trade\DealInfo.mqh
D:\TraeProjects\metatrader-multistrategy-ea\MultiStrategyAutonomousEA.mq5 : information: including C:\Program Files\MetaTrader 5\MQL5\Include\Trade\SymbolInfo.mqh
D:\TraeProjects\metatrader-multistrategy-ea\MultiStrategyAutonomousEA.mq5 : information: including C:\Program Files\MetaTrader 5\MQL5\Include\Trade\AccountInfo.mqh
D:\TraeProjects\metatrader-multistrategy-ea\MultiStrategyAutonomousEA.mq5 : information: including C:\Program Files\MetaTrader 5\MQL5\Include\Arrays\ArrayObj.mqh
C:\Program Files\MetaTrader 5\MQL5\Include\Arrays\ArrayObj.mqh : information: including C:\Program Files\MetaTrader 5\MQL5\Include\Arrays\Array.mqh
D:\TraeProjects\metatrader-multistrategy-ea\MultiStrategyAutonomousEA.mq5 : information: including C:\Program Files\MetaTrader 5\MQL5\Include\Arrays\ArrayDouble.mqh
D:\TraeProjects\metatrader-multistrategy-ea\MultiStrategyAutonomousEA.mq5 : information: including D:\TraeProjects\metatrader-multistrategy-ea\Core\Enums.mqh
D:\TraeProjects\metatrader-multistrategy-ea\MultiStrategyAutonomousEA.mq5 : information: including D:\TraeProjects\metatrader-multistrategy-ea\Interfaces\IStrategy.mqh
D:\TraeProjects\metatrader-multistrategy-ea\MultiStrategyAutonomousEA.mq5 : information: including D:\TraeProjects\metatrader-multistrategy-ea\Core\ErrorHandling.mqh
D:\TraeProjects\metatrader-multistrategy-ea\MultiStrategyAutonomousEA.mq5 : information: including D:\TraeProjects\metatrader-multistrategy-ea\Core\Instruments.mqh
D:\TraeProjects\metatrader-multistrategy-ea\MultiStrategyAutonomousEA.mq5 : information: including D:\TraeProjects\metatrader-multistrategy-ea\Core\SafetyLayer.mqh
D:\TraeProjects\metatrader-multistrategy-ea\MultiStrategyAutonomousEA.mq5 : information: including D:\TraeProjects\metatrader-multistrategy-ea\Core\RiskValidationGate.mqh
D:\TraeProjects\metatrader-multistrategy-ea\Core\RiskValidationGate.mqh : information: including D:\TraeProjects\metatrader-multistrategy-ea\Core\PortfolioRiskManager.mqh
D:\TraeProjects\metatrader-multistrategy-ea\Core\PortfolioRiskManager.mqh : information: including D:\TraeProjects\metatrader-multistrategy-ea\Core\PositionSizer.mqh
D:\TraeProjects\metatrader-multistrategy-ea\MultiStrategyAutonomousEA.mq5 : information: including D:\TraeProjects\metatrader-multistrategy-ea\Core\PerformanceAnalytics.mqh
D:\TraeProjects\metatrader-multistrategy-ea\MultiStrategyAutonomousEA.mq5 : information: including D:\TraeProjects\metatrader-multistrategy-ea\Core\AdaptiveRiskManager.mqh
D:\TraeProjects\metatrader-multistrategy-ea\MultiStrategyAutonomousEA.mq5 : information: including D:\TraeProjects\metatrader-multistrategy-ea\Core\AIPerformanceFeedback.mqh
D:\TraeProjects\metatrader-multistrategy-ea\MultiStrategyAutonomousEA.mq5 : information: including D:\TraeProjects\metatrader-multistrategy-ea\Core\PerformanceBasedStrategyAdapter.mqh
D:\TraeProjects\metatrader-multistrategy-ea\Core\PerformanceBasedStrategyAdapter.mqh : information: including D:\TraeProjects\metatrader-multistrategy-ea\Core\AIStrategyOrchestrator.mqh
D:\TraeProjects\metatrader-multistrategy-ea\Core\PerformanceBasedStrategyAdapter.mqh : information: including D:\TraeProjects\metatrader-multistrategy-ea\Core\StrategyManager.mqh
D:\TraeProjects\metatrader-multistrategy-ea\MultiStrategyAutonomousEA.mq5 : information: including D:\TraeProjects\metatrader-multistrategy-ea\Core\TradeManager.mqh
D:\TraeProjects\metatrader-multistrategy-ea\Core\TradeManager.mqh : information: including D:\TraeProjects\metatrader-multistrategy-ea\Core\MarketAnalysis.mqh
D:\TraeProjects\metatrader-multistrategy-ea\Core\MarketAnalysis.mqh : information: including C:\Program Files\MetaTrader 5\MQL5\Include\Indicators\Indicator.mqh
C:\Program Files\MetaTrader 5\MQL5\Include\Indicators\Indicator.mqh : information: including C:\Program Files\MetaTrader 5\MQL5\Include\Indicators\Series.mqh
D:\TraeProjects\metatrader-multistrategy-ea\MultiStrategyAutonomousEA.mq5 : information: including D:\TraeProjects\metatrader-multistrategy-ea\Core\IntegrationHub.mqh
D:\TraeProjects\metatrader-multistrategy-ea\Core\IntegrationHub.mqh : information: including D:\TraeProjects\metatrader-multistrategy-ea\Core\HTTPClient.mqh
D:\TraeProjects\metatrader-multistrategy-ea\Core\HTTPClient.mqh : information: including C:\Program Files\MetaTrader 5\MQL5\Include\Arrays\ArrayString.mqh
D:\TraeProjects\metatrader-multistrategy-ea\Core\IntegrationHub.mqh : information: including D:\TraeProjects\metatrader-multistrategy-ea\AIModules\NextGenStrategyBrain.mqh
D:\TraeProjects\metatrader-multistrategy-ea\AIModules\NextGenStrategyBrain.mqh : information: including C:\Program Files\MetaTrader 5\MQL5\Include\Math\Stat\Math.mqh
D:\TraeProjects\metatrader-multistrategy-ea\AIModules\NextGenStrategyBrain.mqh : information: including D:\TraeProjects\metatrader-multistrategy-ea\AIModules\TransformerBrain.mqh
D:\TraeProjects\metatrader-multistrategy-ea\AIModules\TransformerBrain.mqh : information: including C:\Program Files\MetaTrader 5\MQL5\Include\Files\FileTxt.mqh
C:\Program Files\MetaTrader 5\MQL5\Include\Files\FileTxt.mqh : information: including C:\Program Files\MetaTrader 5\MQL5\Include\Files\File.mqh
D:\TraeProjects\metatrader-multistrategy-ea\AIModules\TransformerBrain.mqh : information: including D:\TraeProjects\metatrader-multistrategy-ea\Utilities\Utilities.mqh
D:\TraeProjects\metatrader-multistrategy-ea\AIModules\NextGenStrategyBrain.mqh : information: including D:\TraeProjects\metatrader-multistrategy-ea\AIModules\EnsembleMetaLearner.mqh
D:\TraeProjects\metatrader-multistrategy-ea\AIModules\EnsembleMetaLearner.mqh : information: including D:\TraeProjects\metatrader-multistrategy-ea\Core\MarketRegimeDetector.mqh
D:\TraeProjects\metatrader-multistrategy-ea\AIModules\NextGenStrategyBrain.mqh : information: including D:\TraeProjects\metatrader-multistrategy-ea\AIModules\UncertaintyQuantifier.mqh
D:\TraeProjects\metatrader-multistrategy-ea\MultiStrategyAutonomousEA.mq5 : information: including D:\TraeProjects\metatrader-multistrategy-ea\Core\CrashBoomSpikeDetector.mqh
D:\TraeProjects\metatrader-multistrategy-ea\MultiStrategyAutonomousEA.mq5 : information: including D:\TraeProjects\metatrader-multistrategy-ea\Core\StepIndexLevelBreaker.mqh
D:\TraeProjects\metatrader-multistrategy-ea\MultiStrategyAutonomousEA.mq5 : information: including D:\TraeProjects\metatrader-multistrategy-ea\Core\EnhancedRiskManager.mqh
D:\TraeProjects\metatrader-multistrategy-ea\MultiStrategyAutonomousEA.mq5 : information: including D:\TraeProjects\metatrader-multistrategy-ea\Core\ProgressiveTakeProfit.mqh
D:\TraeProjects\metatrader-multistrategy-ea\MultiStrategyAutonomousEA.mq5 : information: including D:\TraeProjects\metatrader-multistrategy-ea\Core\StrategyBase.mqh
D:\TraeProjects\metatrader-multistrategy-ea\MultiStrategyAutonomousEA.mq5 : information: including D:\TraeProjects\metatrader-multistrategy-ea\Strategies\StrategyStepIndex.mqh
D:\TraeProjects\metatrader-multistrategy-ea\MultiStrategyAutonomousEA.mq5 : information: including D:\TraeProjects\metatrader-multistrategy-ea\Strategies\SimpleMomentumStrategy.mqh
D:\TraeProjects\metatrader-multistrategy-ea\MultiStrategyAutonomousEA.mq5 : information: including D:\TraeProjects\metatrader-multistrategy-ea\Core\TradingEngine.mqh
D:\TraeProjects\metatrader-multistrategy-ea\Core\TradingEngine.mqh : information: including D:\TraeProjects\metatrader-multistrategy-ea\Core\SymbolContext.mqh
D:\TraeProjects\metatrader-multistrategy-ea\Core\TradingEngine.mqh : information: including D:\TraeProjects\metatrader-multistrategy-ea\Core\ModeManager.mqh
D:\TraeProjects\metatrader-multistrategy-ea\Core\TradingEngine.mqh : information: including D:\TraeProjects\metatrader-multistrategy-ea\Strategies\StrategyRSI.mqh
D:\TraeProjects\metatrader-multistrategy-ea\Strategies\StrategyRSI.mqh : information: including C:\Program Files\MetaTrader 5\MQL5\Include\Indicators\Indicators.mqh
C:\Program Files\MetaTrader 5\MQL5\Include\Indicators\Indicators.mqh : information: including C:\Program Files\MetaTrader 5\MQL5\Include\Indicators\Trend.mqh
C:\Program Files\MetaTrader 5\MQL5\Include\Indicators\Indicators.mqh : information: including C:\Program Files\MetaTrader 5\MQL5\Include\Indicators\Oscilators.mqh
C:\Program Files\MetaTrader 5\MQL5\Include\Indicators\Indicators.mqh : information: including C:\Program Files\MetaTrader 5\MQL5\Include\Indicators\Volumes.mqh
C:\Program Files\MetaTrader 5\MQL5\Include\Indicators\Indicators.mqh : information: including C:\Program Files\MetaTrader 5\MQL5\Include\Indicators\BillWilliams.mqh
C:\Program Files\MetaTrader 5\MQL5\Include\Indicators\Indicators.mqh : information: including C:\Program Files\MetaTrader 5\MQL5\Include\Indicators\Custom.mqh
C:\Program Files\MetaTrader 5\MQL5\Include\Indicators\Indicators.mqh : information: including C:\Program Files\MetaTrader 5\MQL5\Include\Indicators\TimeSeries.mqh
C:\Program Files\MetaTrader 5\MQL5\Include\Indicators\TimeSeries.mqh : information: including C:\Program Files\MetaTrader 5\MQL5\Include\Arrays\ArrayInt.mqh
C:\Program Files\MetaTrader 5\MQL5\Include\Indicators\TimeSeries.mqh : information: including C:\Program Files\MetaTrader 5\MQL5\Include\Arrays\ArrayLong.mqh
C:\Program Files\MetaTrader 5\MQL5\Include\Indicators\TimeSeries.mqh : information: including C:\Program Files\MetaTrader 5\MQL5\Include\Arrays\ArrayDatetime.mqh
D:\TraeProjects\metatrader-multistrategy-ea\Core\TradingEngine.mqh : information: including D:\TraeProjects\metatrader-multistrategy-ea\Strategies\StrategyTrend.mqh
D:\TraeProjects\metatrader-multistrategy-ea\Core\TradingEngine.mqh : information: including D:\TraeProjects\metatrader-multistrategy-ea\Strategies\StrategyMeanReversion.mqh
D:\TraeProjects\metatrader-multistrategy-ea\Strategies\StrategyMeanReversion.mqh : information: including D:\TraeProjects\metatrader-multistrategy-ea\Include\Indicators\Oscillators.mqh
D:\TraeProjects\metatrader-multistrategy-ea\Core\TradingEngine.mqh : information: including D:\TraeProjects\metatrader-multistrategy-ea\Strategies\StrategySupplyDemand.mqh
D:\TraeProjects\metatrader-multistrategy-ea\Strategies\StrategySupplyDemand.mqh : information: including C:\Program Files\MetaTrader 5\MQL5\Include\Charts\Chart.mqh
D:\TraeProjects\metatrader-multistrategy-ea\Strategies\StrategySupplyDemand.mqh : information: including C:\Program Files\MetaTrader 5\MQL5\Include\ChartObjects\ChartObjectsShapes.mqh
C:\Program Files\MetaTrader 5\MQL5\Include\ChartObjects\ChartObjectsShapes.mqh : information: including C:\Program Files\MetaTrader 5\MQL5\Include\ChartObjects\ChartObject.mqh
D:\TraeProjects\metatrader-multistrategy-ea\Strategies\StrategySupplyDemand.mqh : information: including C:\Program Files\MetaTrader 5\MQL5\Include\ChartObjects\ChartObjectsTxtControls.mqh
D:\TraeProjects\metatrader-multistrategy-ea\Core\TradingEngine.mqh : information: including D:\TraeProjects\metatrader-multistrategy-ea\Strategies\StrategySwing.mqh
D:\TraeProjects\metatrader-multistrategy-ea\Strategies\StrategySwing.mqh : information: including D:\TraeProjects\metatrader-multistrategy-ea\Core\OrderInfo.mqh
D:\TraeProjects\metatrader-multistrategy-ea\Strategies\StrategySwing.mqh : information: including D:\TraeProjects\metatrader-multistrategy-ea\Core\HistoryOrderInfo.mqh
D:\TraeProjects\metatrader-multistrategy-ea\Strategies\StrategySwing.mqh : information: including D:\TraeProjects\metatrader-multistrategy-ea\Core\PositionInfo.mqh
D:\TraeProjects\metatrader-multistrategy-ea\Strategies\StrategySwing.mqh : information: including D:\TraeProjects\metatrader-multistrategy-ea\Core\DealInfo.mqh
D:\TraeProjects\metatrader-multistrategy-ea\Strategies\StrategySwing.mqh : information: including D:\TraeProjects\metatrader-multistrategy-ea\Core\Trade.mqh
D:\TraeProjects\metatrader-multistrategy-ea\Core\TradingEngine.mqh : information: including D:\TraeProjects\metatrader-multistrategy-ea\Strategies\StrategyVolatility.mqh
D:\TraeProjects\metatrader-multistrategy-ea\Core\TradingEngine.mqh : information: including D:\TraeProjects\metatrader-multistrategy-ea\Strategies\StrategyOrderBlockFVG.mqh
D:\TraeProjects\metatrader-multistrategy-ea\Strategies\StrategyOrderBlockFVG.mqh : information: including D:\TraeProjects\metatrader-multistrategy-ea\Core\StrategyFactory.mqh
D:\TraeProjects\metatrader-multistrategy-ea\Core\StrategyFactory.mqh : information: including D:\TraeProjects\metatrader-multistrategy-ea\Strategies\StrategyFibonacci.mqh
D:\TraeProjects\metatrader-multistrategy-ea\Strategies\StrategyFibonacci.mqh : information: including D:\TraeProjects\metatrader-multistrategy-ea\Strategies\RSI.mqh
D:\TraeProjects\metatrader-multistrategy-ea\Core\StrategyFactory.mqh : information: including D:\TraeProjects\metatrader-multistrategy-ea\Strategies\StrategyElliott.mqh
D:\TraeProjects\metatrader-multistrategy-ea\Core\TradingEngine.mqh : information: including D:\TraeProjects\metatrader-multistrategy-ea\Strategies\StrategyMACD.mqh
D:\TraeProjects\metatrader-multistrategy-ea\Core\TradingEngine.mqh : information: including D:\TraeProjects\metatrader-multistrategy-ea\Strategies\StrategyOrderBlock.mqh
D:\TraeProjects\metatrader-multistrategy-ea\Core\TradingEngine.mqh : information: including D:\TraeProjects\metatrader-multistrategy-ea\Strategies\StrategyBollinger.mqh
D:\TraeProjects\metatrader-multistrategy-ea\Core\TradingEngine.mqh : information: including D:\TraeProjects\metatrader-multistrategy-ea\Strategies\StrategyBollingerBreakout.mqh
D:\TraeProjects\metatrader-multistrategy-ea\Core\TradingEngine.mqh : information: including D:\TraeProjects\metatrader-multistrategy-ea\Strategies\StrategySMC.mqh
D:\TraeProjects\metatrader-multistrategy-ea\Strategies\StrategySMC.mqh : information: including D:\TraeProjects\metatrader-multistrategy-ea\Core\ConfluenceEngine.mqh
D:\TraeProjects\metatrader-multistrategy-ea\Core\TradingEngine.mqh : information: including D:\TraeProjects\metatrader-multistrategy-ea\Core\StrategyWrapper.mqh
D:\TraeProjects\metatrader-multistrategy-ea\MultiStrategyAutonomousEA.mq5 : information: including D:\TraeProjects\metatrader-multistrategy-ea\Core\TPManagerEntry.mqh
D:\TraeProjects\metatrader-multistrategy-ea\MultiStrategyAutonomousEA.mq5 : information: including D:\TraeProjects\metatrader-multistrategy-ea\Core\AIEngine.mqh
D:\TraeProjects\metatrader-multistrategy-ea\MultiStrategyAutonomousEA.mq5 : information: including D:\TraeProjects\metatrader-multistrategy-ea\MultiStrategySelection.mqh
D:\TraeProjects\metatrader-multistrategy-ea\Strategies\StrategyStepIndex.mqh(27,28) : warning 72: declaration of 'm_errorHandler' hides member
D:\TraeProjects\metatrader-multistrategy-ea\Core\StrategyBase.mqh : information: info    see previous declaration of 'm_errorHandler'
D:\TraeProjects\metatrader-multistrategy-ea\Strategies\StrategyMACD.mqh(63,34) : warning 74: differed by const qualifier, function 'CStrategyMACD::SetEnabled' overrides 'CStrategyBase::SetEnabled'
D:\TraeProjects\metatrader-multistrategy-ea\Core\StrategyBase.mqh : information: info    see declaration of function 'CStrategyBase::SetEnabled'
D:\TraeProjects\metatrader-multistrategy-ea\Strategies\StrategyOrderBlock.mqh(11,8) : warning 46: no #import declaration
D:\TraeProjects\metatrader-multistrategy-ea\Strategies\StrategyBollingerBreakout.mqh(31,14) : warning 72: declaration of 'm_lastSignalTime' hides member
D:\TraeProjects\metatrader-multistrategy-ea\Core\StrategyBase.mqh : information: info    see previous declaration of 'm_lastSignalTime'
D:\TraeProjects\metatrader-multistrategy-ea\Core\TradingEngine.mqh(52,29) : error 129: struct member 'm_levelBreaker' already defined
D:\TraeProjects\metatrader-multistrategy-ea\Core\TradingEngine.mqh : information: info    see declaration of variable 'CTradingEngine::m_levelBreaker'
D:\TraeProjects\metatrader-multistrategy-ea\Core\TradingEngine.mqh(51,29) : error 282: idenfitier 'm_levelBreaker' already used
D:\TraeProjects\metatrader-multistrategy-ea\Core\TradingEngine.mqh : information: info    see declaration of variable 'CTradingEngine::m_levelBreaker'
D:\TraeProjects\metatrader-multistrategy-ea\Core\TradingEngine.mqh(54,29) : error 129: struct member 'm_levelBreaker' already defined
D:\TraeProjects\metatrader-multistrategy-ea\Core\TradingEngine.mqh : information: info    see declaration of variable 'CTradingEngine::m_levelBreaker'
D:\TraeProjects\metatrader-multistrategy-ea\Core\TradingEngine.mqh(51,29) : error 282: idenfitier 'm_levelBreaker' already used
D:\TraeProjects\metatrader-multistrategy-ea\Core\TradingEngine.mqh : information: info    see declaration of variable 'CTradingEngine::m_levelBreaker'
D:\TraeProjects\metatrader-multistrategy-ea\Core\TradingEngine.mqh(55,29) : error 129: struct member 'm_integrationHub' already defined
D:\TraeProjects\metatrader-multistrategy-ea\Core\TradingEngine.mqh : information: info    see declaration of variable 'CTradingEngine::m_integrationHub'
D:\TraeProjects\metatrader-multistrategy-ea\Core\TradingEngine.mqh(53,29) : error 282: idenfitier 'm_integrationHub' already used
D:\TraeProjects\metatrader-multistrategy-ea\Core\TradingEngine.mqh : information: info    see declaration of variable 'CTradingEngine::m_integrationHub'
D:\TraeProjects\metatrader-multistrategy-ea\Core\ModeManager.mqh(134,12) : warning 62: declaration of 'currentPrice' hides global variable
D:\TraeProjects\metatrader-multistrategy-ea\MultiStrategyAutonomousEA.mq5 : information: info    see previous declaration of 'currentPrice'
D:\TraeProjects\metatrader-multistrategy-ea\Strategies\StrategyMACD.mqh(111,86) : warning 62: declaration of 'tradeManager' hides global variable
D:\TraeProjects\metatrader-multistrategy-ea\MultiStrategyAutonomousEA.mq5 : information: info    see previous declaration of 'tradeManager'
D:\TraeProjects\metatrader-multistrategy-ea\Strategies\StrategyMACD.mqh(111,106) : warning 62: declaration of 'positionSizer' hides global variable
D:\TraeProjects\metatrader-multistrategy-ea\MultiStrategyAutonomousEA.mq5 : information: info    see previous declaration of 'positionSizer'
D:\TraeProjects\metatrader-multistrategy-ea\Strategies\StrategyMACD.mqh(280,14) : warning 62: declaration of 'currentTime' hides global variable
D:\TraeProjects\metatrader-multistrategy-ea\MultiStrategyAutonomousEA.mq5 : information: info    see previous declaration of 'currentTime'
D:\TraeProjects\metatrader-multistrategy-ea\Strategies\StrategyOrderBlock.mqh(119,14) : warning 62: declaration of 'currentTime' hides global variable
D:\TraeProjects\metatrader-multistrategy-ea\MultiStrategyAutonomousEA.mq5 : information: info    see previous declaration of 'currentTime'
D:\TraeProjects\metatrader-multistrategy-ea\Strategies\StrategyBollinger.mqh(96,91) : warning 62: declaration of 'tradeManager' hides global variable
D:\TraeProjects\metatrader-multistrategy-ea\MultiStrategyAutonomousEA.mq5 : information: info    see previous declaration of 'tradeManager'
D:\TraeProjects\metatrader-multistrategy-ea\Strategies\StrategyBollinger.mqh(96,111) : warning 62: declaration of 'positionSizer' hides global variable
D:\TraeProjects\metatrader-multistrategy-ea\MultiStrategyAutonomousEA.mq5 : information: info    see previous declaration of 'positionSizer'
D:\TraeProjects\metatrader-multistrategy-ea\Strategies\StrategyBollinger.mqh(229,12) : warning 62: declaration of 'currentPrice' hides global variable
D:\TraeProjects\metatrader-multistrategy-ea\MultiStrategyAutonomousEA.mq5 : information: info    see previous declaration of 'currentPrice'
D:\TraeProjects\metatrader-multistrategy-ea\Strategies\StrategyBollinger.mqh(175,14) : warning 62: declaration of 'currentTime' hides global variable
D:\TraeProjects\metatrader-multistrategy-ea\MultiStrategyAutonomousEA.mq5 : information: info    see previous declaration of 'currentTime'
D:\TraeProjects\metatrader-multistrategy-ea\Strategies\StrategyBollingerBreakout.mqh(75,99) : warning 62: declaration of 'tradeManager' hides global variable
D:\TraeProjects\metatrader-multistrategy-ea\MultiStrategyAutonomousEA.mq5 : information: info    see previous declaration of 'tradeManager'
D:\TraeProjects\metatrader-multistrategy-ea\Strategies\StrategyBollingerBreakout.mqh(75,119) : warning 62: declaration of 'positionSizer' hides global variable
D:\TraeProjects\metatrader-multistrategy-ea\MultiStrategyAutonomousEA.mq5 : information: info    see previous declaration of 'positionSizer'
D:\TraeProjects\metatrader-multistrategy-ea\Strategies\StrategyBollingerBreakout.mqh(187,14) : warning 62: declaration of 'currentTime' hides global variable
D:\TraeProjects\metatrader-multistrategy-ea\MultiStrategyAutonomousEA.mq5 : information: info    see previous declaration of 'currentTime'
D:\TraeProjects\metatrader-multistrategy-ea\Core\TradingEngine.mqh(148,5) : error 343: 'm_lastStrategyDebugTime' - already initialized
D:\TraeProjects\metatrader-multistrategy-ea\Core\TradingEngine.mqh(149,5) : error 343: 'm_defaultRiskPerTrade' - already initialized
D:\TraeProjects\metatrader-multistrategy-ea\Core\TradingEngine.mqh(151,5) : error 343: 'm_defaultRiskPerTrade' - already initialized
D:\TraeProjects\metatrader-multistrategy-ea\Core\TradingEngine.mqh(152,5) : error 343: 'm_recoveryMultiplier' - already initialized
D:\TraeProjects\metatrader-multistrategy-ea\Core\TradingEngine.mqh(229,20) : error 256: undeclared identifier
D:\TraeProjects\metatrader-multistrategy-ea\Core\TradingEngine.mqh(833,24) : warning 62: declaration of 'totalProfit' hides global variable
D:\TraeProjects\metatrader-multistrategy-ea\MultiStrategyAutonomousEA.mq5 : information: info    see previous declaration of 'totalProfit'
D:\TraeProjects\metatrader-multistrategy-ea\Core\TradingEngine.mqh(882,48) : error 199: wrong parameters count, 8 passed, but 7 requires
D:\TraeProjects\metatrader-multistrategy-ea\Core\EnhancedRiskManager.mqh : information: info    double CEnhancedRiskManager::CalculateRiskPerTrade(const double,const double,const ENUM_ORDER_TYPE,const double,const ENUM_MARKET_REGIME,const double,const datetime)
D:\TraeProjects\metatrader-multistrategy-ea\Core\AIEngine.mqh(163,32) : error 199: wrong parameters count, 4 passed, but 2 requires
D:\TraeProjects\metatrader-multistrategy-ea\Core\AIEngine.mqh(163,32) : error 199: wrong parameters count, 4 passed, but 1 requires
D:\TraeProjects\metatrader-multistrategy-ea\Core\AIEngine.mqh(163,41) : error 262: cannot convert enum
D:\TraeProjects\metatrader-multistrategy-ea\Core\AIEngine.mqh : information: info could be one of 3 function(s)
D:\TraeProjects\metatrader-multistrategy-ea\Core\ErrorHandling.mqh : information: info    void CEnhancedErrorHandler::LogError(const ENUM_ERROR_SEVERITY,const SErrorContext&)
D:\TraeProjects\metatrader-multistrategy-ea\Core\ErrorHandling.mqh : information: info    void CEnhancedErrorHandler::LogError(const SErrorContext&)
D:\TraeProjects\metatrader-multistrategy-ea\Core\ErrorHandling.mqh : information: info    void CEnhancedErrorHandler::LogError(const ENUM_ERROR_SEVERITY,const string,const string,const int)
D:\TraeProjects\metatrader-multistrategy-ea\Core\AIEngine.mqh(222,18) : warning 62: declaration of 'startTime' hides global variable
D:\TraeProjects\metatrader-multistrategy-ea\MultiStrategyAutonomousEA.mq5 : information: info    see previous declaration of 'startTime'
D:\TraeProjects\metatrader-multistrategy-ea\Core\AIEngine.mqh(282,23) : error 256: undeclared identifier
D:\TraeProjects\metatrader-multistrategy-ea\Core\AIEngine.mqh(282,23) : error 262: cannot convert enum
D:\TraeProjects\metatrader-multistrategy-ea\Core\AIEngine.mqh : information: info    void CAIEngine::LogAI(ENUM_ERROR_LEVEL,const string&)
D:\TraeProjects\metatrader-multistrategy-ea\Core\AIEngine.mqh(288,31) : error 256: undeclared identifier
D:\TraeProjects\metatrader-multistrategy-ea\Core\AIEngine.mqh(288,68) : error 149: ',' - unexpected token
D:\TraeProjects\metatrader-multistrategy-ea\Core\AIEngine.mqh(288,56) : error 152: 'strategyName' - some operator expected
D:\TraeProjects\metatrader-multistrategy-ea\Core\AIEngine.mqh(288,15) : error 145: '(' - unbalanced left parenthesis
D:\TraeProjects\metatrader-multistrategy-ea\Core\AIEngine.mqh(288,83) : error 149: ')' - unexpected token
D:\TraeProjects\metatrader-multistrategy-ea\Core\AIEngine.mqh(288,74) : warning 95: expression has no effect
D:\TraeProjects\metatrader-multistrategy-ea\Core\AIEngine.mqh(288,84) : error 149: ')' - unexpected token
D:\TraeProjects\metatrader-multistrategy-ea\Core\AIEngine.mqh(319,52) : error 256: undeclared identifier
D:\TraeProjects\metatrader-multistrategy-ea\Core\AIEngine.mqh(319,75) : error 157: ')' - expression expected
D:\TraeProjects\metatrader-multistrategy-ea\Core\AIEngine.mqh(353,56) : error 256: undeclared identifier
D:\TraeProjects\metatrader-multistrategy-ea\Core\AIEngine.mqh(353,78) : error 157: ')' - expression expected
D:\TraeProjects\metatrader-multistrategy-ea\Core\AIEngine.mqh(388,18) : warning 62: declaration of 'currentTime' hides global variable
D:\TraeProjects\metatrader-multistrategy-ea\MultiStrategyAutonomousEA.mq5 : information: info    see previous declaration of 'currentTime'
D:\TraeProjects\metatrader-multistrategy-ea\Core\AIEngine.mqh(399,56) : error 256: undeclared identifier
D:\TraeProjects\metatrader-multistrategy-ea\Core\AIEngine.mqh(399,79) : error 157: ')' - expression expected
D:\TraeProjects\metatrader-multistrategy-ea\Core\AIEngine.mqh(418,62) : error 200: parameter passed as reference, variable expected
D:\TraeProjects\metatrader-multistrategy-ea\Core\AIEngine.mqh : information: info    void CAIEngine::LogAI(ENUM_ERROR_LEVEL,const string&)
D:\TraeProjects\metatrader-multistrategy-ea\Core\AIEngine.mqh(448,50) : error 256: undeclared identifier
D:\TraeProjects\metatrader-multistrategy-ea\Core\AIEngine.mqh(448,72) : error 157: ')' - expression expected
D:\TraeProjects\metatrader-multistrategy-ea\Core\AIEngine.mqh(462,81) : error 202: constant variable cannot be passed as reference
D:\TraeProjects\metatrader-multistrategy-ea\Core\AIStrategyOrchestrator.mqh : information: info    ENUM_TRADE_SIGNAL CAIStrategyOrchestrator::GetEnsembleSignal(SEnsembleVote&[],int,double&)
D:\TraeProjects\metatrader-multistrategy-ea\Core\AIEngine.mqh(462,55) : warning 42: implicit enum conversion
D:\TraeProjects\metatrader-multistrategy-ea\Core\AIEngine.mqh(478,48) : error 256: undeclared identifier
D:\TraeProjects\metatrader-multistrategy-ea\Core\AIEngine.mqh(478,71) : error 157: ')' - expression expected
D:\TraeProjects\metatrader-multistrategy-ea\Core\AIEngine.mqh(478,48) : warning 94: implicit conversion from 'unknown' to 'string'
D:\TraeProjects\metatrader-multistrategy-ea\Core\AIEngine.mqh(534,28) : error 256: undeclared identifier
D:\TraeProjects\metatrader-multistrategy-ea\Core\AIEngine.mqh(534,54) : error 152: 'adjustedThreshold' - some operator expected
D:\TraeProjects\metatrader-multistrategy-ea\Core\AIEngine.mqh(553,18) : warning 62: declaration of 'currentTime' hides global variable
D:\TraeProjects\metatrader-multistrategy-ea\MultiStrategyAutonomousEA.mq5 : information: info    see previous declaration of 'currentTime'
Result: 37 errors, 23 warnings
