
C:\Program Files\MetaTrader 5\MQL5\Experts\meta
trader-multistrategy-ea\Strategies\StrategySMC.
mqh(340,26) : error 256: undeclared identifier
C:\Program Files\MetaTrader 5\MQL5\Experts\meta
trader-multistrategy-ea\Strategies\StrategySMC.
mqh(340,53) : error 256: undeclared identifier
C:\Program Files\MetaTrader 5\MQL5\Experts\meta
trader-multistrategy-ea\Strategies\StrategySMC.
mqh(345,31) : error 256: undeclared identifier
C:\Program Files\MetaTrader 5\MQL5\Experts\meta
trader-multistrategy-ea\Strategies\StrategySMC.
mqh(345,58) : error 256: undeclared identifier
C:\Program Files\MetaTrader 5\MQL5\Experts\meta
trader-multistrategy-ea\Strategies\StrategySMC.
mqh(354,63) : error 256: undeclared identifier
C:\Program Files\MetaTrader 5\MQL5\Experts\meta
trader-multistrategy-ea\Strategies\StrategySMC.
mqh(354,89) : error 256: undeclared identifier


